Archive member included to satisfy reference by file (symbol)

c:/program files (x86)/atollic/truestudio for stm32 9.3.0/armtools/bin/../lib/gcc/arm-atollic-eabi/6.3.1/../../../../arm-atollic-eabi/lib/armv7e-m/fpu\libc_nano.a(lib_a-errno.o)
                              Src\syscalls.o (__errno)
c:/program files (x86)/atollic/truestudio for stm32 9.3.0/armtools/bin/../lib/gcc/arm-atollic-eabi/6.3.1/../../../../arm-atollic-eabi/lib/armv7e-m/fpu\libc_nano.a(lib_a-impure.o)
                              c:/program files (x86)/atollic/truestudio for stm32 9.3.0/armtools/bin/../lib/gcc/arm-atollic-eabi/6.3.1/../../../../arm-atollic-eabi/lib/armv7e-m/fpu\libc_nano.a(lib_a-errno.o) (_impure_ptr)
c:/program files (x86)/atollic/truestudio for stm32 9.3.0/armtools/bin/../lib/gcc/arm-atollic-eabi/6.3.1/../../../../arm-atollic-eabi/lib/armv7e-m/fpu\libc_nano.a(lib_a-init.o)
                              startup\startup_stm32f413xx.o (__libc_init_array)
c:/program files (x86)/atollic/truestudio for stm32 9.3.0/armtools/bin/../lib/gcc/arm-atollic-eabi/6.3.1/../../../../arm-atollic-eabi/lib/armv7e-m/fpu\libc_nano.a(lib_a-memset.o)
                              Src\adc.o (memset)
c:/program files (x86)/atollic/truestudio for stm32 9.3.0/armtools/bin/../lib/gcc/arm-atollic-eabi/6.3.1/armv7e-m/fpu\libgcc.a(_aeabi_uldivmod.o)
                              Drivers\STM32F4xx_HAL_Driver\Src\stm32f4xx_hal_rcc.o (__aeabi_uldivmod)
c:/program files (x86)/atollic/truestudio for stm32 9.3.0/armtools/bin/../lib/gcc/arm-atollic-eabi/6.3.1/armv7e-m/fpu\libgcc.a(_udivmoddi4.o)
                              c:/program files (x86)/atollic/truestudio for stm32 9.3.0/armtools/bin/../lib/gcc/arm-atollic-eabi/6.3.1/armv7e-m/fpu\libgcc.a(_aeabi_uldivmod.o) (__udivmoddi4)
c:/program files (x86)/atollic/truestudio for stm32 9.3.0/armtools/bin/../lib/gcc/arm-atollic-eabi/6.3.1/armv7e-m/fpu\libgcc.a(_dvmd_tls.o)
                              c:/program files (x86)/atollic/truestudio for stm32 9.3.0/armtools/bin/../lib/gcc/arm-atollic-eabi/6.3.1/armv7e-m/fpu\libgcc.a(_aeabi_uldivmod.o) (__aeabi_ldiv0)

Allocating common symbols
Common symbol       size              file

hspi2               0x58              Src\spi.o
uwTick              0x4               Drivers\STM32F4xx_HAL_Driver\Src\stm32f4xx_hal.o
pFlash              0x20              Drivers\STM32F4xx_HAL_Driver\Src\stm32f4xx_hal_flash.o
htim3               0x40              Src\tim.o
hadc1               0x48              Src\adc.o
hspi1               0x58              Src\spi.o
htim2               0x40              Src\tim.o

Discarded input sections

 .text          0x00000000        0x0 c:/program files (x86)/atollic/truestudio for stm32 9.3.0/armtools/bin/../lib/gcc/arm-atollic-eabi/6.3.1/armv7e-m/fpu/crti.o
 .data          0x00000000        0x0 c:/program files (x86)/atollic/truestudio for stm32 9.3.0/armtools/bin/../lib/gcc/arm-atollic-eabi/6.3.1/armv7e-m/fpu/crti.o
 .bss           0x00000000        0x0 c:/program files (x86)/atollic/truestudio for stm32 9.3.0/armtools/bin/../lib/gcc/arm-atollic-eabi/6.3.1/armv7e-m/fpu/crti.o
 .data          0x00000000        0x4 c:/program files (x86)/atollic/truestudio for stm32 9.3.0/armtools/bin/../lib/gcc/arm-atollic-eabi/6.3.1/armv7e-m/fpu/crtbegin.o
 .text          0x00000000        0x0 Drivers\STM32F4xx_HAL_Driver\Src\stm32f4xx_hal.o
 .data          0x00000000        0x0 Drivers\STM32F4xx_HAL_Driver\Src\stm32f4xx_hal.o
 .bss           0x00000000        0x0 Drivers\STM32F4xx_HAL_Driver\Src\stm32f4xx_hal.o
 .text.HAL_MspInit
                0x00000000        0x2 Drivers\STM32F4xx_HAL_Driver\Src\stm32f4xx_hal.o
 .text.HAL_MspDeInit
                0x00000000        0x2 Drivers\STM32F4xx_HAL_Driver\Src\stm32f4xx_hal.o
 .text.HAL_DeInit
                0x00000000       0x2c Drivers\STM32F4xx_HAL_Driver\Src\stm32f4xx_hal.o
 .text.HAL_GetTickPrio
                0x00000000        0xc Drivers\STM32F4xx_HAL_Driver\Src\stm32f4xx_hal.o
 .text.HAL_SetTickFreq
                0x00000000       0x24 Drivers\STM32F4xx_HAL_Driver\Src\stm32f4xx_hal.o
 .text.HAL_GetTickFreq
                0x00000000        0xc Drivers\STM32F4xx_HAL_Driver\Src\stm32f4xx_hal.o
 .text.HAL_Delay
                0x00000000       0x28 Drivers\STM32F4xx_HAL_Driver\Src\stm32f4xx_hal.o
 .text.HAL_SuspendTick
                0x00000000       0x10 Drivers\STM32F4xx_HAL_Driver\Src\stm32f4xx_hal.o
 .text.HAL_ResumeTick
                0x00000000       0x10 Drivers\STM32F4xx_HAL_Driver\Src\stm32f4xx_hal.o
 .text.HAL_GetHalVersion
                0x00000000        0x8 Drivers\STM32F4xx_HAL_Driver\Src\stm32f4xx_hal.o
 .text.HAL_GetREVID
                0x00000000        0xc Drivers\STM32F4xx_HAL_Driver\Src\stm32f4xx_hal.o
 .text.HAL_GetDEVID
                0x00000000       0x10 Drivers\STM32F4xx_HAL_Driver\Src\stm32f4xx_hal.o
 .text.HAL_DBGMCU_EnableDBGSleepMode
[...]
Memory Configuration

Name             Origin             Length             Attributes
RAM              0x20000000         0x00050000         xrw
FLASH            0x08000000         0x00180000         xr
*default*        0x00000000         0xffffffff

Linker script and memory map

LOAD c:/program files (x86)/atollic/truestudio for stm32 9.3.0/armtools/bin/../lib/gcc/arm-atollic-eabi/6.3.1/armv7e-m/fpu/crti.o
LOAD c:/program files (x86)/atollic/truestudio for stm32 9.3.0/armtools/bin/../lib/gcc/arm-atollic-eabi/6.3.1/armv7e-m/fpu/crtbegin.o
LOAD Drivers\STM32F4xx_HAL_Driver\Src\stm32f4xx_hal.o
LOAD Drivers\STM32F4xx_HAL_Driver\Src\stm32f4xx_hal_adc.o
LOAD Drivers\STM32F4xx_HAL_Driver\Src\stm32f4xx_hal_adc_ex.o
LOAD Drivers\STM32F4xx_HAL_Driver\Src\stm32f4xx_hal_cortex.o
LOAD Drivers\STM32F4xx_HAL_Driver\Src\stm32f4xx_hal_dma.o
LOAD Drivers\STM32F4xx_HAL_Driver\Src\stm32f4xx_hal_dma_ex.o
LOAD Drivers\STM32F4xx_HAL_Driver\Src\stm32f4xx_hal_exti.o
LOAD Drivers\STM32F4xx_HAL_Driver\Src\stm32f4xx_hal_flash.o
LOAD Drivers\STM32F4xx_HAL_Driver\Src\stm32f4xx_hal_flash_ex.o
LOAD Drivers\STM32F4xx_HAL_Driver\Src\stm32f4xx_hal_flash_ramfunc.o
LOAD Drivers\STM32F4xx_HAL_Driver\Src\stm32f4xx_hal_gpio.o
LOAD Drivers\STM32F4xx_HAL_Driver\Src\stm32f4xx_hal_pwr.o
LOAD Drivers\STM32F4xx_HAL_Driver\Src\stm32f4xx_hal_pwr_ex.o
LOAD Drivers\STM32F4xx_HAL_Driver\Src\stm32f4xx_hal_rcc.o
LOAD Drivers\STM32F4xx_HAL_Driver\Src\stm32f4xx_hal_rcc_ex.o
LOAD Drivers\STM32F4xx_HAL_Driver\Src\stm32f4xx_hal_spi.o
LOAD Drivers\STM32F4xx_HAL_Driver\Src\stm32f4xx_hal_tim.o
LOAD Drivers\STM32F4xx_HAL_Driver\Src\stm32f4xx_hal_tim_ex.o
LOAD Src\adc.o
LOAD Src\gpio.o
LOAD Src\main.o
LOAD Src\spi.o
LOAD Src\stm32f4xx_hal_msp.o
LOAD Src\stm32f4xx_it.o
LOAD Src\syscalls.o
LOAD Src\system_stm32f4xx.o
LOAD Src\tim.o
LOAD startup\startup_stm32f413xx.o
                0x00000080                malloc_getpagesize_P = 0x80
START GROUP
LOAD c:/program files (x86)/atollic/truestudio for stm32 9.3.0/armtools/bin/../lib/gcc/arm-atollic-eabi/6.3.1/../../../../arm-atollic-eabi/lib/armv7e-m/fpu\libc_nano.a
LOAD c:/program files (x86)/atollic/truestudio for stm32 9.3.0/armtools/bin/../lib/gcc/arm-atollic-eabi/6.3.1/../../../../arm-atollic-eabi/lib/armv7e-m/fpu\libm.a
END GROUP
START GROUP
LOAD c:/program files (x86)/atollic/truestudio for stm32 9.3.0/armtools/bin/../lib/gcc/arm-atollic-eabi/6.3.1/armv7e-m/fpu\libgcc.a
LOAD c:/program files (x86)/atollic/truestudio for stm32 9.3.0/armtools/bin/../lib/gcc/arm-atollic-eabi/6.3.1/../../../../arm-atollic-eabi/lib/armv7e-m/fpu\libc_nano.a
END GROUP
START GROUP
LOAD c:/program files (x86)/atollic/truestudio for stm32 9.3.0/armtools/bin/../lib/gcc/arm-atollic-eabi/6.3.1/armv7e-m/fpu\libgcc.a
LOAD c:/program files (x86)/atollic/truestudio for stm32 9.3.0/armtools/bin/../lib/gcc/arm-atollic-eabi/6.3.1/../../../../arm-atollic-eabi/lib/armv7e-m/fpu\libc_nano.a
LOAD c:/program files (x86)/atollic/truestudio for stm32 9.3.0/armtools/bin/../lib/gcc/arm-atollic-eabi/6.3.1/../../../../arm-atollic-eabi/lib/armv7e-m/fpu\libnosys.a
END GROUP
START GROUP
LOAD c:/program files (x86)/atollic/truestudio for stm32 9.3.0/armtools/bin/../lib/gcc/arm-atollic-eabi/6.3.1/armv7e-m/fpu\libgcc.a
LOAD c:/program files (x86)/atollic/truestudio for stm32 9.3.0/armtools/bin/../lib/gcc/arm-atollic-eabi/6.3.1/../../../../arm-atollic-eabi/lib/armv7e-m/fpu\libc_nano.a
LOAD c:/program files (x86)/atollic/truestudio for stm32 9.3.0/armtools/bin/../lib/gcc/arm-atollic-eabi/6.3.1/../../../../arm-atollic-eabi/lib/armv7e-m/fpu\libnosys.a
END GROUP
LOAD c:/program files (x86)/atollic/truestudio for stm32 9.3.0/armtools/bin/../lib/gcc/arm-atollic-eabi/6.3.1/armv7e-m/fpu/crtend.o
LOAD c:/program files (x86)/atollic/truestudio for stm32 9.3.0/armtools/bin/../lib/gcc/arm-atollic-eabi/6.3.1/armv7e-m/fpu/crtn.o
                0x20050000                _estack = 0x20050000
                0x00000200                _Min_Heap_Size = 0x200
                0x00000400                _Min_Stack_Size = 0x400

.isr_vector     0x08000000      0x1d8
                0x08000000                . = ALIGN (0x4)
 *(.isr_vector)
 .isr_vector    0x08000000      0x1d8 startup\startup_stm32f413xx.o
                0x08000000                g_pfnVectors
                0x080001d8                . = ALIGN (0x4)

.text           0x080001d8     0x1a08
                0x080001d8                . = ALIGN (0x4)
 *(.text)
 .text          0x080001d8       0x40 c:/program files (x86)/atollic/truestudio for stm32 9.3.0/armtools/bin/../lib/gcc/arm-atollic-eabi/6.3.1/armv7e-m/fpu/crtbegin.o
 .text          0x08000218       0x30 c:/program files (x86)/atollic/truestudio for stm32 9.3.0/armtools/bin/../lib/gcc/arm-atollic-eabi/6.3.1/armv7e-m/fpu\libgcc.a(_aeabi_uldivmod.o)
                0x08000218                __aeabi_uldivmod
 .text          0x08000248      0x2dc c:/program files (x86)/atollic/truestudio for stm32 9.3.0/armtools/bin/../lib/gcc/arm-atollic-eabi/6.3.1/armv7e-m/fpu\libgcc.a(_udivmoddi4.o)
                0x08000248                __udivmoddi4
 .text          0x08000524        0x4 c:/program files (x86)/atollic/truestudio for stm32 9.3.0/armtools/bin/../lib/gcc/arm-atollic-eabi/6.3.1/armv7e-m/fpu\libgcc.a(_dvmd_tls.o)
                0x08000524                __aeabi_idiv0
                0x08000524                __aeabi_ldiv0
 *(.text*)
 .text.HAL_InitTick
                0x08000528       0x48 Drivers\STM32F4xx_HAL_Driver\Src\stm32f4xx_hal.o
                0x08000528                HAL_InitTick
 .text.HAL_Init
                0x08000570       0x34 Drivers\STM32F4xx_HAL_Driver\Src\stm32f4xx_hal.o
                0x08000570                HAL_Init
 .text.HAL_IncTick
                0x080005a4       0x18 Drivers\STM32F4xx_HAL_Driver\Src\stm32f4xx_hal.o
                0x080005a4                HAL_IncTick
 .text.HAL_GetTick
                0x080005bc        0xc Drivers\STM32F4xx_HAL_Driver\Src\stm32f4xx_hal.o
                0x080005bc                HAL_GetTick
 .text.HAL_ADC_Init
                0x080005c8      0x14c Drivers\STM32F4xx_HAL_Driver\Src\stm32f4xx_hal_adc.o
                0x080005c8                HAL_ADC_Init
 .text.HAL_ADC_ConfigChannel
                0x08000714      0x144 Drivers\STM32F4xx_HAL_Driver\Src\stm32f4xx_hal_adc.o
                0x08000714                HAL_ADC_ConfigChannel
 .text.HAL_NVIC_SetPriorityGrouping
                0x08000858       0x24 Drivers\STM32F4xx_HAL_Driver\Src\stm32f4xx_hal_cortex.o
                0x08000858                HAL_NVIC_SetPriorityGrouping
 .text.HAL_NVIC_SetPriority
                0x0800087c       0x68 Drivers\STM32F4xx_HAL_Driver\Src\stm32f4xx_hal_cortex.o
                0x0800087c                HAL_NVIC_SetPriority
 .text.HAL_SYSTICK_Config
                0x080008e4       0x2c Drivers\STM32F4xx_HAL_Driver\Src\stm32f4xx_hal_cortex.o
                0x080008e4                HAL_SYSTICK_Config
 .text.HAL_GPIO_Init
                0x08000910      0x1b4 Drivers\STM32F4xx_HAL_Driver\Src\stm32f4xx_hal_gpio.o
                0x08000910                HAL_GPIO_Init
 .text.HAL_GPIO_WritePin
                0x08000ac4        0xa Drivers\STM32F4xx_HAL_Driver\Src\stm32f4xx_hal_gpio.o
                0x08000ac4                HAL_GPIO_WritePin
 *fill*         0x08000ace        0x2 
 .text.HAL_RCC_GetSysClockFreq
                0x08000ad0       0x5c Drivers\STM32F4xx_HAL_Driver\Src\stm32f4xx_hal_rcc.o
                0x08000ad0                HAL_RCC_GetSysClockFreq
 .text.HAL_RCC_ClockConfig
                0x08000b2c      0x134 Drivers\STM32F4xx_HAL_Driver\Src\stm32f4xx_hal_rcc.o
                0x08000b2c                HAL_RCC_ClockConfig
 .text.HAL_RCC_OscConfig
                0x08000c60      0x308 Drivers\STM32F4xx_HAL_Driver\Src\stm32f4xx_hal_rcc_ex.o
                0x08000c60                HAL_RCC_OscConfig
 .text.HAL_SPI_Init
                0x08000f68       0x7a Drivers\STM32F4xx_HAL_Driver\Src\stm32f4xx_hal_spi.o
                0x08000f68                HAL_SPI_Init
 *fill*         0x08000fe2        0x2 
 .text.TIM_OC1_SetConfig
                0x08000fe4       0x64 Drivers\STM32F4xx_HAL_Driver\Src\stm32f4xx_hal_tim.o
 .text.TIM_OC3_SetConfig
                0x08001048       0x6c Drivers\STM32F4xx_HAL_Driver\Src\stm32f4xx_hal_tim.o
 .text.TIM_OC4_SetConfig
                0x080010b4       0x4c Drivers\STM32F4xx_HAL_Driver\Src\stm32f4xx_hal_tim.o
 .text.TIM_Base_SetConfig
                0x08001100       0xcc Drivers\STM32F4xx_HAL_Driver\Src\stm32f4xx_hal_tim.o
                0x08001100                TIM_Base_SetConfig
 .text.HAL_TIM_Base_Init
                0x080011cc       0x34 Drivers\STM32F4xx_HAL_Driver\Src\stm32f4xx_hal_tim.o
                0x080011cc                HAL_TIM_Base_Init
 .text.HAL_TIM_PWM_Init
                0x08001200       0x34 Drivers\STM32F4xx_HAL_Driver\Src\stm32f4xx_hal_tim.o
                0x08001200                HAL_TIM_PWM_Init
 .text.TIM_OC2_SetConfig
                0x08001234       0x6c Drivers\STM32F4xx_HAL_Driver\Src\stm32f4xx_hal_tim.o
                0x08001234                TIM_OC2_SetConfig
 .text.HAL_TIM_PWM_ConfigChannel
                0x080012a0       0xc4 Drivers\STM32F4xx_HAL_Driver\Src\stm32f4xx_hal_tim.o
                0x080012a0                HAL_TIM_PWM_ConfigChannel
 .text.TIM_ETR_SetConfig
                0x08001364       0x14 Drivers\STM32F4xx_HAL_Driver\Src\stm32f4xx_hal_tim.o
                0x08001364                TIM_ETR_SetConfig
 .text.HAL_TIM_ConfigClockSource
                0x08001378      0x128 Drivers\STM32F4xx_HAL_Driver\Src\stm32f4xx_hal_tim.o
                0x08001378                HAL_TIM_ConfigClockSource
 .text.HAL_TIMEx_MasterConfigSynchronization
                0x080014a0       0x3c Drivers\STM32F4xx_HAL_Driver\Src\stm32f4xx_hal_tim_ex.o
                0x080014a0                HAL_TIMEx_MasterConfigSynchronization
 .text.MX_ADC1_Init
                0x080014dc       0x64 Src\adc.o
                0x080014dc                MX_ADC1_Init
 .text.HAL_ADC_MspInit
                0x08001540       0x8c Src\adc.o
                0x08001540                HAL_ADC_MspInit
 .text.MX_GPIO_Init
                0x080015cc       0x80 Src\gpio.o
                0x080015cc                MX_GPIO_Init
 .text.SystemClock_Config
                0x0800164c       0x7c Src\main.o
                0x0800164c                SystemClock_Config
 .text.startup.main
                0x080016c8       0x24 Src\main.o
                0x080016c8                main
 .text.Error_Handler
                0x080016ec        0x2 Src\main.o
                0x080016ec                Error_Handler
 *fill*         0x080016ee        0x2 
 .text.MX_SPI1_Init
                0x080016f0       0x44 Src\spi.o
                0x080016f0                MX_SPI1_Init
 .text.MX_SPI2_Init
                0x08001734       0x44 Src\spi.o
                0x08001734                MX_SPI2_Init
 .text.HAL_SPI_MspInit
                0x08001778       0xe4 Src\spi.o
                0x08001778                HAL_SPI_MspInit
 .text.HAL_MspInit
                0x0800185c       0x38 Src\stm32f4xx_hal_msp.o
                0x0800185c                HAL_MspInit
 .text.NMI_Handler
                0x08001894        0x2 Src\stm32f4xx_it.o
                0x08001894                NMI_Handler
 .text.HardFault_Handler
                0x08001896        0x2 Src\stm32f4xx_it.o
                0x08001896                HardFault_Handler
 .text.MemManage_Handler
                0x08001898        0x2 Src\stm32f4xx_it.o
                0x08001898                MemManage_Handler
 .text.BusFault_Handler
                0x0800189a        0x2 Src\stm32f4xx_it.o
                0x0800189a                BusFault_Handler
 .text.UsageFault_Handler
                0x0800189c        0x2 Src\stm32f4xx_it.o
                0x0800189c                UsageFault_Handler
 .text.SVC_Handler
                0x0800189e        0x2 Src\stm32f4xx_it.o
                0x0800189e                SVC_Handler
 .text.DebugMon_Handler
                0x080018a0        0x2 Src\stm32f4xx_it.o
                0x080018a0                DebugMon_Handler
 .text.PendSV_Handler
                0x080018a2        0x2 Src\stm32f4xx_it.o
                0x080018a2                PendSV_Handler
 .text.SysTick_Handler
                0x080018a4        0x4 Src\stm32f4xx_it.o
                0x080018a4                SysTick_Handler
 .text.SystemInit
                0x080018a8       0x4c Src\system_stm32f4xx.o
                0x080018a8                SystemInit
 .text.HAL_TIM_Base_MspInit
                0x080018f4       0x2c Src\tim.o
                0x080018f4                HAL_TIM_Base_MspInit
 .text.HAL_TIM_PWM_MspInit
                0x08001920       0x30 Src\tim.o
                0x08001920                HAL_TIM_PWM_MspInit
 .text.HAL_TIM_MspPostInit
                0x08001950       0xb4 Src\tim.o
                0x08001950                HAL_TIM_MspPostInit
 .text.MX_TIM2_Init
                0x08001a04       0xa8 Src\tim.o
                0x08001a04                MX_TIM2_Init
 .text.MX_TIM3_Init
                0x08001aac       0x70 Src\tim.o
                0x08001aac                MX_TIM3_Init
 .text.Reset_Handler
                0x08001b1c       0x50 startup\startup_stm32f413xx.o
                0x08001b1c                Reset_Handler
 .text.Default_Handler
                0x08001b6c        0x2 startup\startup_stm32f413xx.o
                0x08001b6c                RTC_Alarm_IRQHandler
                0x08001b6c                EXTI2_IRQHandler
                0x08001b6c                TIM8_CC_IRQHandler
                0x08001b6c                UART8_IRQHandler
                0x08001b6c                FMPI2C1_EV_IRQHandler
                0x08001b6c                SPI4_IRQHandler
                0x08001b6c                TIM1_CC_IRQHandler
                0x08001b6c                DMA2_Stream5_IRQHandler
                0x08001b6c                DMA1_Stream5_IRQHandler
                0x08001b6c                CAN3_RX1_IRQHandler
                0x08001b6c                PVD_IRQHandler
                0x08001b6c                SDIO_IRQHandler
                0x08001b6c                TAMP_STAMP_IRQHandler
                0x08001b6c                CAN2_RX1_IRQHandler
                0x08001b6c                EXTI3_IRQHandler
                0x08001b6c                TIM8_TRG_COM_TIM14_IRQHandler
                0x08001b6c                DFSDM1_FLT1_IRQHandler
                0x08001b6c                TIM1_UP_TIM10_IRQHandler
                0x08001b6c                TIM8_UP_TIM13_IRQHandler
                0x08001b6c                I2C3_ER_IRQHandler
                0x08001b6c                EXTI0_IRQHandler
                0x08001b6c                I2C2_EV_IRQHandler
                0x08001b6c                DMA1_Stream2_IRQHandler
                0x08001b6c                CAN1_RX0_IRQHandler
                0x08001b6c                FPU_IRQHandler
                0x08001b6c                CAN3_SCE_IRQHandler
                0x08001b6c                CAN2_SCE_IRQHandler
                0x08001b6c                DMA2_Stream2_IRQHandler
                0x08001b6c                SPI1_IRQHandler
                0x08001b6c                TIM6_DAC_IRQHandler
                0x08001b6c                TIM1_BRK_TIM9_IRQHandler
                0x08001b6c                CAN2_RX0_IRQHandler
                0x08001b6c                DMA2_Stream3_IRQHandler
                0x08001b6c                USART6_IRQHandler
                0x08001b6c                CAN3_RX0_IRQHandler
                0x08001b6c                USART3_IRQHandler
                0x08001b6c                DFSDM2_FLT3_IRQHandler
                0x08001b6c                CAN1_RX1_IRQHandler
                0x08001b6c                UART5_IRQHandler
                0x08001b6c                DMA2_Stream0_IRQHandler
                0x08001b6c                TIM4_IRQHandler
                0x08001b6c                QUADSPI_IRQHandler
                0x08001b6c                I2C1_EV_IRQHandler
                0x08001b6c                DMA1_Stream6_IRQHandler
                0x08001b6c                DMA1_Stream1_IRQHandler
                0x08001b6c                UART4_IRQHandler
                0x08001b6c                TIM3_IRQHandler
                0x08001b6c                RCC_IRQHandler
                0x08001b6c                UART9_IRQHandler
                0x08001b6c                TIM8_BRK_TIM12_IRQHandler
                0x08001b6c                Default_Handler
                0x08001b6c                EXTI15_10_IRQHandler
                0x08001b6c                ADC_IRQHandler
                0x08001b6c                DMA1_Stream7_IRQHandler
                0x08001b6c                DFSDM2_FLT0_IRQHandler
                0x08001b6c                SPI5_IRQHandler
                0x08001b6c                TIM7_IRQHandler
                0x08001b6c                CAN2_TX_IRQHandler
                0x08001b6c                TIM5_IRQHandler
                0x08001b6c                DMA2_Stream7_IRQHandler
                0x08001b6c                I2C3_EV_IRQHandler
                0x08001b6c                DFSDM2_FLT2_IRQHandler
                0x08001b6c                EXTI9_5_IRQHandler
                0x08001b6c                RTC_WKUP_IRQHandler
                0x08001b6c                SPI2_IRQHandler
                0x08001b6c                DMA1_Stream0_IRQHandler
                0x08001b6c                CAN1_TX_IRQHandler
                0x08001b6c                FMPI2C1_ER_IRQHandler
                0x08001b6c                EXTI4_IRQHandler
                0x08001b6c                DFSDM2_FLT1_IRQHandler
                0x08001b6c                RNG_IRQHandler
                0x08001b6c                FSMC_IRQHandler
                0x08001b6c                WWDG_IRQHandler
                0x08001b6c                CAN3_TX_IRQHandler
                0x08001b6c                TIM2_IRQHandler
                0x08001b6c                OTG_FS_WKUP_IRQHandler
                0x08001b6c                TIM1_TRG_COM_TIM11_IRQHandler
                0x08001b6c                EXTI1_IRQHandler
                0x08001b6c                UART7_IRQHandler
                0x08001b6c                USART2_IRQHandler
                0x08001b6c                DFSDM1_FLT0_IRQHandler
                0x08001b6c                I2C2_ER_IRQHandler
                0x08001b6c                DMA2_Stream1_IRQHandler
                0x08001b6c                CAN1_SCE_IRQHandler
                0x08001b6c                FLASH_IRQHandler
                0x08001b6c                DMA2_Stream4_IRQHandler
                0x08001b6c                USART1_IRQHandler
                0x08001b6c                OTG_FS_IRQHandler
                0x08001b6c                SPI3_IRQHandler
                0x08001b6c                DMA1_Stream4_IRQHandler
                0x08001b6c                I2C1_ER_IRQHandler
                0x08001b6c                LPTIM1_IRQHandler
                0x08001b6c                DMA2_Stream6_IRQHandler
                0x08001b6c                UART10_IRQHandler
                0x08001b6c                SAI1_IRQHandler
                0x08001b6c                DMA1_Stream3_IRQHandler
 *fill*         0x08001b6e        0x2 
 .text.__libc_init_array
                0x08001b70       0x48 c:/program files (x86)/atollic/truestudio for stm32 9.3.0/armtools/bin/../lib/gcc/arm-atollic-eabi/6.3.1/../../../../arm-atollic-eabi/lib/armv7e-m/fpu\libc_nano.a(lib_a-init.o)
                0x08001b70                __libc_init_array
 .text.memset   0x08001bb8       0x10 c:/program files (x86)/atollic/truestudio for stm32 9.3.0/armtools/bin/../lib/gcc/arm-atollic-eabi/6.3.1/../../../../arm-atollic-eabi/lib/armv7e-m/fpu\libc_nano.a(lib_a-memset.o)
                0x08001bb8                memset
 *(.glue_7)
 .glue_7        0x08001bc8        0x0 linker stubs
 *(.glue_7t)
 .glue_7t       0x08001bc8        0x0 linker stubs
 *(.eh_frame)
 .eh_frame      0x08001bc8        0x0 c:/program files (x86)/atollic/truestudio for stm32 9.3.0/armtools/bin/../lib/gcc/arm-atollic-eabi/6.3.1/armv7e-m/fpu/crtbegin.o
 *(.init)
 .init          0x08001bc8        0x4 c:/program files (x86)/atollic/truestudio for stm32 9.3.0/armtools/bin/../lib/gcc/arm-atollic-eabi/6.3.1/armv7e-m/fpu/crti.o
                0x08001bc8                _init
 .init          0x08001bcc        0x8 c:/program files (x86)/atollic/truestudio for stm32 9.3.0/armtools/bin/../lib/gcc/arm-atollic-eabi/6.3.1/armv7e-m/fpu/crtn.o
 *(.fini)
 .fini          0x08001bd4        0x4 c:/program files (x86)/atollic/truestudio for stm32 9.3.0/armtools/bin/../lib/gcc/arm-atollic-eabi/6.3.1/armv7e-m/fpu/crti.o
                0x08001bd4                _fini
 .fini          0x08001bd8        0x8 c:/program files (x86)/atollic/truestudio for stm32 9.3.0/armtools/bin/../lib/gcc/arm-atollic-eabi/6.3.1/armv7e-m/fpu/crtn.o
                0x08001be0                . = ALIGN (0x4)
                0x08001be0                _etext = .

.vfp11_veneer   0x08001be0        0x0
 .vfp11_veneer  0x08001be0        0x0 linker stubs

.v4_bx          0x08001be0        0x0
 .v4_bx         0x08001be0        0x0 linker stubs

.iplt           0x08001be0        0x0
 .iplt          0x08001be0        0x0 c:/program files (x86)/atollic/truestudio for stm32 9.3.0/armtools/bin/../lib/gcc/arm-atollic-eabi/6.3.1/armv7e-m/fpu/crtbegin.o

.rodata         0x08001be0       0x10
                0x08001be0                . = ALIGN (0x4)
 *(.rodata)
 *(.rodata*)
 .rodata.AHBPrescTable
                0x08001be0       0x10 Src\system_stm32f4xx.o
                0x08001be0                AHBPrescTable
                0x08001bf0                . = ALIGN (0x4)

.ARM.extab
 *(.ARM.extab* .gnu.linkonce.armextab.*)

.ARM            0x08001bf0        0x8
                0x08001bf0                __exidx_start = .
 *(.ARM.exidx*)
 .ARM.exidx     0x08001bf0        0x8 c:/program files (x86)/atollic/truestudio for stm32 9.3.0/armtools/bin/../lib/gcc/arm-atollic-eabi/6.3.1/armv7e-m/fpu\libgcc.a(_udivmoddi4.o)
                0x08001bf8                __exidx_end = .

.rel.dyn        0x08001bf8        0x0
 .rel.iplt      0x08001bf8        0x0 c:/program files (x86)/atollic/truestudio for stm32 9.3.0/armtools/bin/../lib/gcc/arm-atollic-eabi/6.3.1/armv7e-m/fpu/crtbegin.o

.preinit_array  0x08001bf8        0x0
                0x08001bf8                PROVIDE (__preinit_array_start, .)
 *(.preinit_array*)
                0x08001bf8                PROVIDE (__preinit_array_end, .)

.init_array     0x08001bf8        0x4
                0x08001bf8                PROVIDE (__init_array_start, .)
 *(SORT(.init_array.*))
 *(.init_array*)
 .init_array    0x08001bf8        0x4 c:/program files (x86)/atollic/truestudio for stm32 9.3.0/armtools/bin/../lib/gcc/arm-atollic-eabi/6.3.1/armv7e-m/fpu/crtbegin.o
                0x08001bfc                PROVIDE (__init_array_end, .)

.fini_array     0x08001bfc        0x4
                [!provide]                PROVIDE (__fini_array_start, .)
 *(SORT(.fini_array.*))
 *(.fini_array*)
 .fini_array    0x08001bfc        0x4 c:/program files (x86)/atollic/truestudio for stm32 9.3.0/armtools/bin/../lib/gcc/arm-atollic-eabi/6.3.1/armv7e-m/fpu/crtbegin.o
                [!provide]                PROVIDE (__fini_array_end, .)
                0x08001c00                _sidata = LOADADDR (.data)

.data           0x20000000        0xc load address 0x08001c00
                0x20000000                . = ALIGN (0x4)
                0x20000000                _sdata = .
 *(.data)
 *(.data*)
 .data.uwTickFreq
                0x20000000        0x1 Drivers\STM32F4xx_HAL_Driver\Src\stm32f4xx_hal.o
                0x20000000                uwTickFreq
 *fill*         0x20000001        0x3 
 .data.uwTickPrio
                0x20000004        0x4 Drivers\STM32F4xx_HAL_Driver\Src\stm32f4xx_hal.o
                0x20000004                uwTickPrio
 .data.SystemCoreClock
                0x20000008        0x4 Src\system_stm32f4xx.o
                0x20000008                SystemCoreClock
                0x2000000c                . = ALIGN (0x4)
                0x2000000c                _edata = .

.igot.plt       0x2000000c        0x0 load address 0x08001c0c
 .igot.plt      0x2000000c        0x0 c:/program files (x86)/atollic/truestudio for stm32 9.3.0/armtools/bin/../lib/gcc/arm-atollic-eabi/6.3.1/armv7e-m/fpu/crtbegin.o
                0x2000000c                . = ALIGN (0x4)

.bss            0x2000000c      0x198 load address 0x08001c0c
                0x2000000c                _sbss = .
                0x2000000c                __bss_start__ = _sbss
 *(.bss)
 .bss           0x2000000c       0x1c c:/program files (x86)/atollic/truestudio for stm32 9.3.0/armtools/bin/../lib/gcc/arm-atollic-eabi/6.3.1/armv7e-m/fpu/crtbegin.o
 *(.bss*)
 *(COMMON)
 COMMON         0x20000028        0x4 Drivers\STM32F4xx_HAL_Driver\Src\stm32f4xx_hal.o
                0x20000028                uwTick
 COMMON         0x2000002c       0x48 Src\adc.o
                0x2000002c                hadc1
 COMMON         0x20000074       0xb0 Src\spi.o
                0x20000074                hspi2
                0x200000cc                hspi1
 COMMON         0x20000124       0x80 Src\tim.o
                0x20000124                htim3
                0x20000164                htim2
                0x200001a4                . = ALIGN (0x4)
                0x200001a4                _ebss = .
                0x200001a4                __bss_end__ = _ebss

._user_heap_stack
                0x200001a4      0x600 load address 0x08001c0c
                0x200001a4                . = ALIGN (0x4)
                0x200001a4                PROVIDE (end, .)
                [!provide]                PROVIDE (_end, .)
                0x200003a4                . = (. + _Min_Heap_Size)
 *fill*         0x200001a4      0x200 
                0x200007a4                . = (. + _Min_Stack_Size)
 *fill*         0x200003a4      0x400 
                0x200007a4                . = ALIGN (0x4)

/DISCARD/
 libc.a(*)
 libm.a(*)
 libgcc.a(*)

.ARM.attributes
                0x00000000       0x30
 *(.ARM.attributes)
 .ARM.attributes
                0x00000000       0x22 c:/program files (x86)/atollic/truestudio for stm32 9.3.0/armtools/bin/../lib/gcc/arm-atollic-eabi/6.3.1/armv7e-m/fpu/crti.o
 .ARM.attributes
                0x00000022       0x34 c:/program files (x86)/atollic/truestudio for stm32 9.3.0/armtools/bin/../lib/gcc/arm-atollic-eabi/6.3.1/armv7e-m/fpu/crtbegin.o
 .ARM.attributes
                0x00000056       0x39 Drivers\STM32F4xx_HAL_Driver\Src\stm32f4xx_hal.o
 .ARM.attributes
                0x0000008f       0x39 Drivers\STM32F4xx_HAL_Driver\Src\stm32f4xx_hal_adc.o
 .ARM.attributes
                0x000000c8       0x39 Drivers\STM32F4xx_HAL_Driver\Src\stm32f4xx_hal_cortex.o
 .ARM.attributes
                0x00000101       0x39 Drivers\STM32F4xx_HAL_Driver\Src\stm32f4xx_hal_gpio.o
 .ARM.attributes
                0x0000013a       0x39 Drivers\STM32F4xx_HAL_Driver\Src\stm32f4xx_hal_rcc.o
 .ARM.attributes
                0x00000173       0x39 Drivers\STM32F4xx_HAL_Driver\Src\stm32f4xx_hal_rcc_ex.o
 .ARM.attributes
                0x000001ac       0x39 Drivers\STM32F4xx_HAL_Driver\Src\stm32f4xx_hal_spi.o
 .ARM.attributes
                0x000001e5       0x39 Drivers\STM32F4xx_HAL_Driver\Src\stm32f4xx_hal_tim.o
 .ARM.attributes
                0x0000021e       0x39 Drivers\STM32F4xx_HAL_Driver\Src\stm32f4xx_hal_tim_ex.o
 .ARM.attributes
                0x00000257       0x39 Src\adc.o
 .ARM.attributes
                0x00000290       0x39 Src\gpio.o
 .ARM.attributes
                0x000002c9       0x39 Src\main.o
 .ARM.attributes
                0x00000302       0x39 Src\spi.o
 .ARM.attributes
                0x0000033b       0x39 Src\stm32f4xx_hal_msp.o
 .ARM.attributes
                0x00000374       0x39 Src\stm32f4xx_it.o
 .ARM.attributes
                0x000003ad       0x39 Src\system_stm32f4xx.o
 .ARM.attributes
                0x000003e6       0x39 Src\tim.o
 .ARM.attributes
                0x0000041f       0x21 startup\startup_stm32f413xx.o
 .ARM.attributes
                0x00000440       0x34 c:/program files (x86)/atollic/truestudio for stm32 9.3.0/armtools/bin/../lib/gcc/arm-atollic-eabi/6.3.1/../../../../arm-atollic-eabi/lib/armv7e-m/fpu\libc_nano.a(lib_a-init.o)
 .ARM.attributes
                0x00000474       0x34 c:/program files (x86)/atollic/truestudio for stm32 9.3.0/armtools/bin/../lib/gcc/arm-atollic-eabi/6.3.1/../../../../arm-atollic-eabi/lib/armv7e-m/fpu\libc_nano.a(lib_a-memset.o)
 .ARM.attributes
                0x000004a8       0x22 c:/program files (x86)/atollic/truestudio for stm32 9.3.0/armtools/bin/../lib/gcc/arm-atollic-eabi/6.3.1/armv7e-m/fpu\libgcc.a(_aeabi_uldivmod.o)
 .ARM.attributes
                0x000004ca       0x34 c:/program files (x86)/atollic/truestudio for stm32 9.3.0/armtools/bin/../lib/gcc/arm-atollic-eabi/6.3.1/armv7e-m/fpu\libgcc.a(_udivmoddi4.o)
 .ARM.attributes
                0x000004fe       0x22 c:/program files (x86)/atollic/truestudio for stm32 9.3.0/armtools/bin/../lib/gcc/arm-atollic-eabi/6.3.1/armv7e-m/fpu\libgcc.a(_dvmd_tls.o)
 .ARM.attributes
                0x00000520       0x22 c:/program files (x86)/atollic/truestudio for stm32 9.3.0/armtools/bin/../lib/gcc/arm-atollic-eabi/6.3.1/armv7e-m/fpu/crtn.o
OUTPUT(half.elf elf32-littlearm)

.debug_info     0x00000000     0xefe2
 .debug_info    0x00000000      0xa71 Drivers\STM32F4xx_HAL_Driver\Src\stm32f4xx_hal.o
 .debug_info    0x00000a71      0xdb1 Drivers\STM32F4xx_HAL_Driver\Src\stm32f4xx_hal_adc.o
 .debug_info    0x00001822      0xf87 Drivers\STM32F4xx_HAL_Driver\Src\stm32f4xx_hal_cortex.o
 .debug_info    0x000027a9      0x7dd Drivers\STM32F4xx_HAL_Driver\Src\stm32f4xx_hal_gpio.o
 .debug_info    0x00002f86      0xa97 Drivers\STM32F4xx_HAL_Driver\Src\stm32f4xx_hal_rcc.o
 .debug_info    0x00003a1d      0xa0b Drivers\STM32F4xx_HAL_Driver\Src\stm32f4xx_hal_rcc_ex.o
 .debug_info    0x00004428     0x1d9a Drivers\STM32F4xx_HAL_Driver\Src\stm32f4xx_hal_spi.o
 .debug_info    0x000061c2     0x34cf Drivers\STM32F4xx_HAL_Driver\Src\stm32f4xx_hal_tim.o
 .debug_info    0x00009691     0x157d Drivers\STM32F4xx_HAL_Driver\Src\stm32f4xx_hal_tim_ex.o
 .debug_info    0x0000ac0e      0xb11 Src\adc.o
 .debug_info    0x0000b71f      0x504 Src\gpio.o
 .debug_info    0x0000bc23      0xfd6 Src\main.o
 .debug_info    0x0000cbf9      0xb1b Src\spi.o
 .debug_info    0x0000d714      0x347 Src\stm32f4xx_hal_msp.o
 .debug_info    0x0000da5b      0x1b7 Src\stm32f4xx_it.o
 .debug_info    0x0000dc12      0x53e Src\system_stm32f4xx.o
 .debug_info    0x0000e150      0xe1e Src\tim.o
 .debug_info    0x0000ef6e       0x74 startup\startup_stm32f413xx.o

.debug_abbrev   0x00000000     0x23d4
 .debug_abbrev  0x00000000      0x23d Drivers\STM32F4xx_HAL_Driver\Src\stm32f4xx_hal.o
 .debug_abbrev  0x0000023d      0x2bf Drivers\STM32F4xx_HAL_Driver\Src\stm32f4xx_hal_adc.o
 .debug_abbrev  0x000004fc      0x314 Drivers\STM32F4xx_HAL_Driver\Src\stm32f4xx_hal_cortex.o
 .debug_abbrev  0x00000810      0x1ef Drivers\STM32F4xx_HAL_Driver\Src\stm32f4xx_hal_gpio.o
 .debug_abbrev  0x000009ff      0x2cb Drivers\STM32F4xx_HAL_Driver\Src\stm32f4xx_hal_rcc.o
 .debug_abbrev  0x00000cca      0x1a8 Drivers\STM32F4xx_HAL_Driver\Src\stm32f4xx_hal_rcc_ex.o
 .debug_abbrev  0x00000e72      0x335 Drivers\STM32F4xx_HAL_Driver\Src\stm32f4xx_hal_spi.o
 .debug_abbrev  0x000011a7      0x324 Drivers\STM32F4xx_HAL_Driver\Src\stm32f4xx_hal_tim.o
 .debug_abbrev  0x000014cb      0x2b2 Drivers\STM32F4xx_HAL_Driver\Src\stm32f4xx_hal_tim_ex.o
 .debug_abbrev  0x0000177d      0x1e8 Src\adc.o
 .debug_abbrev  0x00001965      0x173 Src\gpio.o
 .debug_abbrev  0x00001ad8      0x20a Src\main.o
 .debug_abbrev  0x00001ce2      0x1eb Src\spi.o
 .debug_abbrev  0x00001ecd       0xec Src\stm32f4xx_hal_msp.o
 .debug_abbrev  0x00001fb9       0xfa Src\stm32f4xx_it.o
 .debug_abbrev  0x000020b3      0x10e Src\system_stm32f4xx.o
 .debug_abbrev  0x000021c1      0x201 Src\tim.o
 .debug_abbrev  0x000023c2       0x12 startup\startup_stm32f413xx.o

.debug_loc      0x00000000     0x6fb9
 .debug_loc     0x00000000      0x11b Drivers\STM32F4xx_HAL_Driver\Src\stm32f4xx_hal.o
 .debug_loc     0x0000011b      0x7e9 Drivers\STM32F4xx_HAL_Driver\Src\stm32f4xx_hal_adc.o
 .debug_loc     0x00000904      0x4fb Drivers\STM32F4xx_HAL_Driver\Src\stm32f4xx_hal_cortex.o
 .debug_loc     0x00000dff      0x378 Drivers\STM32F4xx_HAL_Driver\Src\stm32f4xx_hal_gpio.o
 .debug_loc     0x00001177      0x336 Drivers\STM32F4xx_HAL_Driver\Src\stm32f4xx_hal_rcc.o
 .debug_loc     0x000014ad      0x604 Drivers\STM32F4xx_HAL_Driver\Src\stm32f4xx_hal_rcc_ex.o
 .debug_loc     0x00001ab1     0x1830 Drivers\STM32F4xx_HAL_Driver\Src\stm32f4xx_hal_spi.o
 .debug_loc     0x000032e1     0x3009 Drivers\STM32F4xx_HAL_Driver\Src\stm32f4xx_hal_tim.o
 .debug_loc     0x000062ea      0xac1 Drivers\STM32F4xx_HAL_Driver\Src\stm32f4xx_hal_tim_ex.o
 .debug_loc     0x00006dab       0x58 Src\adc.o
 .debug_loc     0x00006e03       0x63 Src\spi.o
 .debug_loc     0x00006e66      0x11c Src\system_stm32f4xx.o
 .debug_loc     0x00006f82       0x37 Src\tim.o

.debug_aranges  0x00000000      0xa40
 .debug_aranges
                0x00000000       0xe8 Drivers\STM32F4xx_HAL_Driver\Src\stm32f4xx_hal.o
 .debug_aranges
                0x000000e8       0xb8 Drivers\STM32F4xx_HAL_Driver\Src\stm32f4xx_hal_adc.o
 .debug_aranges
                0x000001a0       0xa8 Drivers\STM32F4xx_HAL_Driver\Src\stm32f4xx_hal_cortex.o
 .debug_aranges
                0x00000248       0x58 Drivers\STM32F4xx_HAL_Driver\Src\stm32f4xx_hal_gpio.o
 .debug_aranges
                0x000002a0       0x88 Drivers\STM32F4xx_HAL_Driver\Src\stm32f4xx_hal_rcc.o
 .debug_aranges
                0x00000328       0x60 Drivers\STM32F4xx_HAL_Driver\Src\stm32f4xx_hal_rcc_ex.o
 .debug_aranges
                0x00000388      0x188 Drivers\STM32F4xx_HAL_Driver\Src\stm32f4xx_hal_spi.o
 .debug_aranges
                0x00000510      0x278 Drivers\STM32F4xx_HAL_Driver\Src\stm32f4xx_hal_tim.o
 .debug_aranges
                0x00000788       0xf8 Drivers\STM32F4xx_HAL_Driver\Src\stm32f4xx_hal_tim_ex.o
 .debug_aranges
                0x00000880       0x30 Src\adc.o
 .debug_aranges
                0x000008b0       0x20 Src\gpio.o
 .debug_aranges
                0x000008d0       0x30 Src\main.o
 .debug_aranges
                0x00000900       0x38 Src\spi.o
 .debug_aranges
                0x00000938       0x20 Src\stm32f4xx_hal_msp.o
 .debug_aranges
                0x00000958       0x48 Src\stm32f4xx_it.o
 .debug_aranges
                0x000009a0       0x28 Src\system_stm32f4xx.o
 .debug_aranges
                0x000009c8       0x50 Src\tim.o
 .debug_aranges
                0x00000a18       0x28 startup\startup_stm32f413xx.o

.debug_ranges   0x00000000      0xca0
 .debug_ranges  0x00000000       0xd8 Drivers\STM32F4xx_HAL_Driver\Src\stm32f4xx_hal.o
 .debug_ranges  0x000000d8       0xc8 Drivers\STM32F4xx_HAL_Driver\Src\stm32f4xx_hal_adc.o
 .debug_ranges  0x000001a0      0x128 Drivers\STM32F4xx_HAL_Driver\Src\stm32f4xx_hal_cortex.o
 .debug_ranges  0x000002c8       0x68 Drivers\STM32F4xx_HAL_Driver\Src\stm32f4xx_hal_gpio.o
 .debug_ranges  0x00000330       0xb0 Drivers\STM32F4xx_HAL_Driver\Src\stm32f4xx_hal_rcc.o
 .debug_ranges  0x000003e0       0x68 Drivers\STM32F4xx_HAL_Driver\Src\stm32f4xx_hal_rcc_ex.o
 .debug_ranges  0x00000448      0x238 Drivers\STM32F4xx_HAL_Driver\Src\stm32f4xx_hal_spi.o
 .debug_ranges  0x00000680      0x340 Drivers\STM32F4xx_HAL_Driver\Src\stm32f4xx_hal_tim.o
 .debug_ranges  0x000009c0      0x100 Drivers\STM32F4xx_HAL_Driver\Src\stm32f4xx_hal_tim_ex.o
 .debug_ranges  0x00000ac0       0x38 Src\adc.o
 .debug_ranges  0x00000af8       0x40 Src\gpio.o
 .debug_ranges  0x00000b38       0x38 Src\main.o
 .debug_ranges  0x00000b70       0x40 Src\spi.o
 .debug_ranges  0x00000bb0       0x10 Src\stm32f4xx_hal_msp.o
 .debug_ranges  0x00000bc0       0x38 Src\stm32f4xx_it.o
 .debug_ranges  0x00000bf8       0x18 Src\system_stm32f4xx.o
 .debug_ranges  0x00000c10       0x70 Src\tim.o
 .debug_ranges  0x00000c80       0x20 startup\startup_stm32f413xx.o

.debug_line     0x00000000     0x5528
 .debug_line    0x00000000      0x41b Drivers\STM32F4xx_HAL_Driver\Src\stm32f4xx_hal.o
 .debug_line    0x0000041b      0x6d9 Drivers\STM32F4xx_HAL_Driver\Src\stm32f4xx_hal_adc.o
 .debug_line    0x00000af4      0x456 Drivers\STM32F4xx_HAL_Driver\Src\stm32f4xx_hal_cortex.o
 .debug_line    0x00000f4a      0x3d7 Drivers\STM32F4xx_HAL_Driver\Src\stm32f4xx_hal_gpio.o
 .debug_line    0x00001321      0x4f4 Drivers\STM32F4xx_HAL_Driver\Src\stm32f4xx_hal_rcc.o
 .debug_line    0x00001815      0x5d9 Drivers\STM32F4xx_HAL_Driver\Src\stm32f4xx_hal_rcc_ex.o
 .debug_line    0x00001dee      0xb7b Drivers\STM32F4xx_HAL_Driver\Src\stm32f4xx_hal_spi.o
 .debug_line    0x00002969     0x1183 Drivers\STM32F4xx_HAL_Driver\Src\stm32f4xx_hal_tim.o
 .debug_line    0x00003aec      0x68f Drivers\STM32F4xx_HAL_Driver\Src\stm32f4xx_hal_tim_ex.o
 .debug_line    0x0000417b      0x2aa Src\adc.o
 .debug_line    0x00004425      0x1eb Src\gpio.o
 .debug_line    0x00004610      0x2f4 Src\main.o
 .debug_line    0x00004904      0x2cd Src\spi.o
 .debug_line    0x00004bd1      0x1ae Src\stm32f4xx_hal_msp.o
 .debug_line    0x00004d7f      0x21d Src\stm32f4xx_it.o
 .debug_line    0x00004f9c      0x1de Src\system_stm32f4xx.o
 .debug_line    0x0000517a      0x32f Src\tim.o
 .debug_line    0x000054a9       0x7f startup\startup_stm32f413xx.o

.debug_str      0x00000000     0x3d99
 .debug_str     0x00000000      0xc04 Drivers\STM32F4xx_HAL_Driver\Src\stm32f4xx_hal.o
                                0xc87 (size before relaxing)
 .debug_str     0x00000c04      0x6d9 Drivers\STM32F4xx_HAL_Driver\Src\stm32f4xx_hal_adc.o
                                0x9a5 (size before relaxing)
 .debug_str     0x000012dd      0x4a1 Drivers\STM32F4xx_HAL_Driver\Src\stm32f4xx_hal_cortex.o
                                0xd2e (size before relaxing)
 .debug_str     0x0000177e      0x1dc Drivers\STM32F4xx_HAL_Driver\Src\stm32f4xx_hal_gpio.o
                                0x575 (size before relaxing)
 .debug_str     0x0000195a      0x2ee Drivers\STM32F4xx_HAL_Driver\Src\stm32f4xx_hal_rcc.o
                                0x73e (size before relaxing)
 .debug_str     0x00001c48      0x2ea Drivers\STM32F4xx_HAL_Driver\Src\stm32f4xx_hal_rcc_ex.o
                                0x793 (size before relaxing)
 .debug_str     0x00001f32      0x709 Drivers\STM32F4xx_HAL_Driver\Src\stm32f4xx_hal_spi.o
                                0xc2b (size before relaxing)
 .debug_str     0x0000263b      0xfcd Drivers\STM32F4xx_HAL_Driver\Src\stm32f4xx_hal_tim.o
                               0x151f (size before relaxing)
 .debug_str     0x00003608      0x556 Drivers\STM32F4xx_HAL_Driver\Src\stm32f4xx_hal_tim_ex.o
                                0xe6c (size before relaxing)
 .debug_str     0x00003b5e       0x3f Src\adc.o
                                0x875 (size before relaxing)
 .debug_str     0x00003b9d       0x1b Src\gpio.o
                                0x406 (size before relaxing)
 .debug_str     0x00003bb8       0x72 Src\main.o
                                0xcd7 (size before relaxing)
 .debug_str     0x00003c2a       0x17 Src\spi.o
                                0x890 (size before relaxing)
 .debug_str     0x00003c41       0x1b Src\stm32f4xx_hal_msp.o
                                0x34e (size before relaxing)
 .debug_str     0x00003c5c       0xa6 Src\stm32f4xx_it.o
                                0x2b2 (size before relaxing)
 .debug_str     0x00003d02       0x45 Src\system_stm32f4xx.o
                                0x3ca (size before relaxing)
 .debug_str     0x00003d47       0x52 Src\tim.o
                                0xa5a (size before relaxing)

.comment        0x00000000       0x7c
 .comment       0x00000000       0x7c Drivers\STM32F4xx_HAL_Driver\Src\stm32f4xx_hal.o
                                 0x7d (size before relaxing)
 .comment       0x0000007c       0x7d Drivers\STM32F4xx_HAL_Driver\Src\stm32f4xx_hal_adc.o
 .comment       0x0000007c       0x7d Drivers\STM32F4xx_HAL_Driver\Src\stm32f4xx_hal_cortex.o
 .comment       0x0000007c       0x7d Drivers\STM32F4xx_HAL_Driver\Src\stm32f4xx_hal_gpio.o
 .comment       0x0000007c       0x7d Drivers\STM32F4xx_HAL_Driver\Src\stm32f4xx_hal_rcc.o
 .comment       0x0000007c       0x7d Drivers\STM32F4xx_HAL_Driver\Src\stm32f4xx_hal_rcc_ex.o
 .comment       0x0000007c       0x7d Drivers\STM32F4xx_HAL_Driver\Src\stm32f4xx_hal_spi.o
 .comment       0x0000007c       0x7d Drivers\STM32F4xx_HAL_Driver\Src\stm32f4xx_hal_tim.o
 .comment       0x0000007c       0x7d Drivers\STM32F4xx_HAL_Driver\Src\stm32f4xx_hal_tim_ex.o
 .comment       0x0000007c       0x7d Src\adc.o
 .comment       0x0000007c       0x7d Src\gpio.o
 .comment       0x0000007c       0x7d Src\main.o
 .comment       0x0000007c       0x7d Src\spi.o
 .comment       0x0000007c       0x7d Src\stm32f4xx_hal_msp.o
 .comment       0x0000007c       0x7d Src\stm32f4xx_it.o
 .comment       0x0000007c       0x7d Src\system_stm32f4xx.o
 .comment       0x0000007c       0x7d Src\tim.o

.debug_frame    0x00000000     0x1ea4
 .debug_frame   0x00000000      0x1f0 Drivers\STM32F4xx_HAL_Driver\Src\stm32f4xx_hal.o
 .debug_frame   0x000001f0      0x248 Drivers\STM32F4xx_HAL_Driver\Src\stm32f4xx_hal_adc.o
 .debug_frame   0x00000438      0x158 Drivers\STM32F4xx_HAL_Driver\Src\stm32f4xx_hal_cortex.o
 .debug_frame   0x00000590       0xd8 Drivers\STM32F4xx_HAL_Driver\Src\stm32f4xx_hal_gpio.o
 .debug_frame   0x00000668      0x13c Drivers\STM32F4xx_HAL_Driver\Src\stm32f4xx_hal_rcc.o
 .debug_frame   0x000007a4       0xf8 Drivers\STM32F4xx_HAL_Driver\Src\stm32f4xx_hal_rcc_ex.o
 .debug_frame   0x0000089c      0x574 Drivers\STM32F4xx_HAL_Driver\Src\stm32f4xx_hal_spi.o
 .debug_frame   0x00000e10      0x928 Drivers\STM32F4xx_HAL_Driver\Src\stm32f4xx_hal_tim.o
 .debug_frame   0x00001738      0x36c Drivers\STM32F4xx_HAL_Driver\Src\stm32f4xx_hal_tim_ex.o
 .debug_frame   0x00001aa4       0x70 Src\adc.o
 .debug_frame   0x00001b14       0x30 Src\gpio.o
 .debug_frame   0x00001b44       0x58 Src\main.o
 .debug_frame   0x00001b9c       0x98 Src\spi.o
 .debug_frame   0x00001c34       0x28 Src\stm32f4xx_hal_msp.o
 .debug_frame   0x00001c5c       0xa0 Src\stm32f4xx_it.o
 .debug_frame   0x00001cfc       0x38 Src\system_stm32f4xx.o
 .debug_frame   0x00001d34       0xc4 Src\tim.o
 .debug_frame   0x00001df8       0x2c c:/program files (x86)/atollic/truestudio for stm32 9.3.0/armtools/bin/../lib/gcc/arm-atollic-eabi/6.3.1/../../../../arm-atollic-eabi/lib/armv7e-m/fpu\libc_nano.a(lib_a-init.o)
 .debug_frame   0x00001e24       0x20 c:/program files (x86)/atollic/truestudio for stm32 9.3.0/armtools/bin/../lib/gcc/arm-atollic-eabi/6.3.1/../../../../arm-atollic-eabi/lib/armv7e-m/fpu\libc_nano.a(lib_a-memset.o)
 .debug_frame   0x00001e44       0x2c c:/program files (x86)/atollic/truestudio for stm32 9.3.0/armtools/bin/../lib/gcc/arm-atollic-eabi/6.3.1/armv7e-m/fpu\libgcc.a(_aeabi_uldivmod.o)
 .debug_frame   0x00001e70       0x34 c:/program files (x86)/atollic/truestudio for stm32 9.3.0/armtools/bin/../lib/gcc/arm-atollic-eabi/6.3.1/armv7e-m/fpu\libgcc.a(_udivmoddi4.o)
